Executing file: tests/stmt/test-1.nbl
one
true
3.000000
