Executing file: tests/stmt/test-2.nbl
hello
world
nil
