Executing file: tests/stmt/test-5.nbl
assigned
nil
