Executing file: tests/interpreter/test-3.nbl
1.000000
