Executing file: tests/interpreter/test-2.nbl
-6847.410000
