Executing file: tests/interpreter/test-1.nbl
Operand must be a number
On line 1
