Executing file: tests/resolver/test-1.nbl
global
global
