Executing file: tests/parser/test.nbl
On line: 2, Error at end: Expected ';' after expression
